
===========================================================================
🎓  Studentsupport_botProject — ABES Engineering College (Code 032)
===========================================================================
📍  Campus: 19th KM Stone, NH-09, Ghaziabad, UP 201009
🌐  Local Web App: http://localhost:8000
📚  Swagger API Docs: http://localhost:8000/docs
📖  ReDoc Docs: http://localhost:8000/redoc
===========================================================================
💡  Press Ctrl + C anytime to stop the server

INFO:     Will watch for changes in these directories: ['/Users/pranavtyagi/Desktop/HCL_Project']
INFO:     Uvicorn running on http://0.0.0.0:8000 (Press CTRL+C to quit)
INFO:     Started reloader process [98719] using WatchFiles
INFO:     Started server process [98722]
INFO:     Waiting for application startup.
INFO:     Application startup complete.
INFO:     127.0.0.1:54688 - "GET /api/auth/profile HTTP/1.1" 200 OK
INFO:     127.0.0.1:54689 - "GET /api/info/dataset HTTP/1.1" 200 OK
INFO:     127.0.0.1:54690 - "GET /api/tools/fee-calculator?course=B.Tech&year=3&hostel_type=none&bus_route=none HTTP/1.1" 200 OK
INFO:     127.0.0.1:54691 - "GET /api/admin/metrics HTTP/1.1" 200 OK
INFO:     127.0.0.1:54691 - "POST /api/chat HTTP/1.1" 500 Internal Server Error
ERROR:    Exception in ASGI application
Traceback (most recent call last):
  File "/Users/pranavtyagi/Desktop/HCL_Project/venv/lib/python3.9/site-packages/uvicorn/protocols/http/httptools_impl.py", line 415, in run_asgi
    result = await app(  # type: ignore[func-returns-value]
  File "/Users/pranavtyagi/Desktop/HCL_Project/venv/lib/python3.9/site-packages/uvicorn/middleware/proxy_headers.py", line 60, in __call__
    return await self.app(scope, receive, send)
  File "/Users/pranavtyagi/Desktop/HCL_Project/venv/lib/python3.9/site-packages/fastapi/applications.py", line 1138, in __call__
    await super().__call__(scope, receive, send)
  File "/Users/pranavtyagi/Desktop/HCL_Project/venv/lib/python3.9/site-packages/starlette/applications.py", line 113, in __call__
    await self.middleware_stack(scope, receive, send)
  File "/Users/pranavtyagi/Desktop/HCL_Project/venv/lib/python3.9/site-packages/starlette/middleware/errors.py", line 186, in __call__
    raise exc
  File "/Users/pranavtyagi/Desktop/HCL_Project/venv/lib/python3.9/site-packages/starlette/middleware/errors.py", line 164, in __call__
    await self.app(scope, receive, _send)
  File "/Users/pranavtyagi/Desktop/HCL_Project/venv/lib/python3.9/site-packages/starlette/middleware/cors.py", line 93, in __call__
    await self.simple_response(scope, receive, send, request_headers=headers)
  File "/Users/pranavtyagi/Desktop/HCL_Project/venv/lib/python3.9/site-packages/starlette/middleware/cors.py", line 144, in simple_response
    await self.app(scope, receive, send)
  File "/Users/pranavtyagi/Desktop/HCL_Project/venv/lib/python3.9/site-packages/starlette/middleware/exceptions.py", line 63, in __call__
    await wrap_app_handling_exceptions(self.app, conn)(scope, receive, send)
  File "/Users/pranavtyagi/Desktop/HCL_Project/venv/lib/python3.9/site-packages/starlette/_exception_handler.py", line 53, in wrapped_app
    raise exc
  File "/Users/pranavtyagi/Desktop/HCL_Project/venv/lib/python3.9/site-packages/starlette/_exception_handler.py", line 42, in wrapped_app
    await app(scope, receive, sender)
  File "/Users/pranavtyagi/Desktop/HCL_Project/venv/lib/python3.9/site-packages/fastapi/middleware/asyncexitstack.py", line 18, in __call__
    await self.app(scope, receive, send)
  File "/Users/pranavtyagi/Desktop/HCL_Project/venv/lib/python3.9/site-packages/starlette/routing.py", line 716, in __call__
    await self.middleware_stack(scope, receive, send)
  File "/Users/pranavtyagi/Desktop/HCL_Project/venv/lib/python3.9/site-packages/starlette/routing.py", line 736, in app
    await route.handle(scope, receive, send)
  File "/Users/pranavtyagi/Desktop/HCL_Project/venv/lib/python3.9/site-packages/starlette/routing.py", line 290, in handle
    await self.app(scope, receive, send)
  File "/Users/pranavtyagi/Desktop/HCL_Project/venv/lib/python3.9/site-packages/fastapi/routing.py", line 121, in app
    await wrap_app_handling_exceptions(app, request)(scope, receive, send)
  File "/Users/pranavtyagi/Desktop/HCL_Project/venv/lib/python3.9/site-packages/starlette/_exception_handler.py", line 53, in wrapped_app
    raise exc
  File "/Users/pranavtyagi/Desktop/HCL_Project/venv/lib/python3.9/site-packages/starlette/_exception_handler.py", line 42, in wrapped_app
    await app(scope, receive, sender)
  File "/Users/pranavtyagi/Desktop/HCL_Project/venv/lib/python3.9/site-packages/fastapi/routing.py", line 107, in app
    response = await f(request)
  File "/Users/pranavtyagi/Desktop/HCL_Project/venv/lib/python3.9/site-packages/fastapi/routing.py", line 426, in app
    raw_response = await run_endpoint_function(
  File "/Users/pranavtyagi/Desktop/HCL_Project/venv/lib/python3.9/site-packages/fastapi/routing.py", line 314, in run_endpoint_function
    return await dependant.call(**values)
  File "/Users/pranavtyagi/Desktop/HCL_Project/app.py", line 136, in chat_endpoint
    f"Query: '{req.query[:45]}' -> {response_data.get('category')}"
NameError: name 'response_data' is not defined
INFO:     127.0.0.1:54707 - "GET /api/auth/profile HTTP/1.1" 200 OK
INFO:     127.0.0.1:54708 - "GET /api/info/dataset HTTP/1.1" 200 OK
INFO:     127.0.0.1:54707 - "GET /api/admin/metrics HTTP/1.1" 200 OK
INFO:     127.0.0.1:54709 - "GET /api/tools/fee-calculator?course=B.Tech&year=3&hostel_type=none&bus_route=none HTTP/1.1" 200 OK
INFO:     127.0.0.1:54709 - "POST /api/chat HTTP/1.1" 500 Internal Server Error
ERROR:    Exception in ASGI application
Traceback (most recent call last):
  File "/Users/pranavtyagi/Desktop/HCL_Project/venv/lib/python3.9/site-packages/uvicorn/protocols/http/httptools_impl.py", line 415, in run_asgi
    result = await app(  # type: ignore[func-returns-value]
  File "/Users/pranavtyagi/Desktop/HCL_Project/venv/lib/python3.9/site-packages/uvicorn/middleware/proxy_headers.py", line 60, in __call__
    return await self.app(scope, receive, send)
  File "/Users/pranavtyagi/Desktop/HCL_Project/venv/lib/python3.9/site-packages/fastapi/applications.py", line 1138, in __call__
    await super().__call__(scope, receive, send)
  File "/Users/pranavtyagi/Desktop/HCL_Project/venv/lib/python3.9/site-packages/starlette/applications.py", line 113, in __call__
    await self.middleware_stack(scope, receive, send)
  File "/Users/pranavtyagi/Desktop/HCL_Project/venv/lib/python3.9/site-packages/starlette/middleware/errors.py", line 186, in __call__
    raise exc
  File "/Users/pranavtyagi/Desktop/HCL_Project/venv/lib/python3.9/site-packages/starlette/middleware/errors.py", line 164, in __call__
    await self.app(scope, receive, _send)
  File "/Users/pranavtyagi/Desktop/HCL_Project/venv/lib/python3.9/site-packages/starlette/middleware/cors.py", line 93, in __call__
    await self.simple_response(scope, receive, send, request_headers=headers)
  File "/Users/pranavtyagi/Desktop/HCL_Project/venv/lib/python3.9/site-packages/starlette/middleware/cors.py", line 144, in simple_response
    await self.app(scope, receive, send)
  File "/Users/pranavtyagi/Desktop/HCL_Project/venv/lib/python3.9/site-packages/starlette/middleware/exceptions.py", line 63, in __call__
    await wrap_app_handling_exceptions(self.app, conn)(scope, receive, send)
  File "/Users/pranavtyagi/Desktop/HCL_Project/venv/lib/python3.9/site-packages/starlette/_exception_handler.py", line 53, in wrapped_app
    raise exc
  File "/Users/pranavtyagi/Desktop/HCL_Project/venv/lib/python3.9/site-packages/starlette/_exception_handler.py", line 42, in wrapped_app
    await app(scope, receive, sender)
  File "/Users/pranavtyagi/Desktop/HCL_Project/venv/lib/python3.9/site-packages/fastapi/middleware/asyncexitstack.py", line 18, in __call__
    await self.app(scope, receive, send)
  File "/Users/pranavtyagi/Desktop/HCL_Project/venv/lib/python3.9/site-packages/starlette/routing.py", line 716, in __call__
    await self.middleware_stack(scope, receive, send)
  File "/Users/pranavtyagi/Desktop/HCL_Project/venv/lib/python3.9/site-packages/starlette/routing.py", line 736, in app
    await route.handle(scope, receive, send)
  File "/Users/pranavtyagi/Desktop/HCL_Project/venv/lib/python3.9/site-packages/starlette/routing.py", line 290, in handle
    await self.app(scope, receive, send)
  File "/Users/pranavtyagi/Desktop/HCL_Project/venv/lib/python3.9/site-packages/fastapi/routing.py", line 121, in app
    await wrap_app_handling_exceptions(app, request)(scope, receive, send)
  File "/Users/pranavtyagi/Desktop/HCL_Project/venv/lib/python3.9/site-packages/starlette/_exception_handler.py", line 53, in wrapped_app
    raise exc
  File "/Users/pranavtyagi/Desktop/HCL_Project/venv/lib/python3.9/site-packages/starlette/_exception_handler.py", line 42, in wrapped_app
    await app(scope, receive, sender)
  File "/Users/pranavtyagi/Desktop/HCL_Project/venv/lib/python3.9/site-packages/fastapi/routing.py", line 107, in app
    response = await f(request)
  File "/Users/pranavtyagi/Desktop/HCL_Project/venv/lib/python3.9/site-packages/fastapi/routing.py", line 426, in app
    raw_response = await run_endpoint_function(
  File "/Users/pranavtyagi/Desktop/HCL_Project/venv/lib/python3.9/site-packages/fastapi/routing.py", line 314, in run_endpoint_function
    return await dependant.call(**values)
  File "/Users/pranavtyagi/Desktop/HCL_Project/app.py", line 136, in chat_endpoint
    f"Query: '{req.query[:45]}' -> {response_data.get('category')}"
NameError: name 'response_data' is not defined
WARNING:  WatchFiles detected changes in 'app.py'. Reloading...
INFO:     Shutting down
INFO:     Waiting for application shutdown.
INFO:     Application shutdown complete.
INFO:     Finished server process [98722]
INFO:     Started server process [2912]
INFO:     Waiting for application startup.
INFO:     Application startup complete.
INFO:     127.0.0.1:54833 - "GET /api/auth/profile HTTP/1.1" 200 OK
INFO:     127.0.0.1:54834 - "GET /api/info/dataset HTTP/1.1" 200 OK
INFO:     127.0.0.1:54835 - "GET /api/tools/fee-calculator?course=B.Tech&year=3&hostel_type=none&bus_route=none HTTP/1.1" 200 OK
INFO:     127.0.0.1:54837 - "GET /api/admin/metrics HTTP/1.1" 200 OK
INFO:     127.0.0.1:54837 - "POST /api/chat HTTP/1.1" 200 OK
